Archive member included to satisfy reference by file (symbol)

C:/ST/STM32CubeIDE_1.18.0/STM32CubeIDE/plugins/com.st.stm32cube.ide.mcu.externaltools.gnu-tools-for-stm32.13.3.rel1.win32_1.0.0.202411081344/tools/bin/../lib/gcc/arm-none-eabi/13.3.1/../../../../arm-none-eabi/lib/thumb/v7-m/nofp\libc_nano.a(libc_a-exit.o)
                              C:/ST/STM32CubeIDE_1.18.0/STM32CubeIDE/plugins/com.st.stm32cube.ide.mcu.externaltools.gnu-tools-for-stm32.13.3.rel1.win32_1.0.0.202411081344/tools/bin/../lib/gcc/arm-none-eabi/13.3.1/../../../../arm-none-eabi/lib/thumb/v7-m/nofp/crt0.o (exit)
C:/ST/STM32CubeIDE_1.18.0/STM32CubeIDE/plugins/com.st.stm32cube.ide.mcu.externaltools.gnu-tools-for-stm32.13.3.rel1.win32_1.0.0.202411081344/tools/bin/../lib/gcc/arm-none-eabi/13.3.1/../../../../arm-none-eabi/lib/thumb/v7-m/nofp\libc_nano.a(libc_a-findfp.o)
                              C:/ST/STM32CubeIDE_1.18.0/STM32CubeIDE/plugins/com.st.stm32cube.ide.mcu.externaltools.gnu-tools-for-stm32.13.3.rel1.win32_1.0.0.202411081344/tools/bin/../lib/gcc/arm-none-eabi/13.3.1/../../../../arm-none-eabi/lib/thumb/v7-m/nofp\libc_nano.a(libc_a-exit.o) (__stdio_exit_handler)
C:/ST/STM32CubeIDE_1.18.0/STM32CubeIDE/plugins/com.st.stm32cube.ide.mcu.externaltools.gnu-tools-for-stm32.13.3.rel1.win32_1.0.0.202411081344/tools/bin/../lib/gcc/arm-none-eabi/13.3.1/../../../../arm-none-eabi/lib/thumb/v7-m/nofp\libc_nano.a(libc_a-fwalk.o)
                              C:/ST/STM32CubeIDE_1.18.0/STM32CubeIDE/plugins/com.st.stm32cube.ide.mcu.externaltools.gnu-tools-for-stm32.13.3.rel1.win32_1.0.0.202411081344/tools/bin/../lib/gcc/arm-none-eabi/13.3.1/../../../../arm-none-eabi/lib/thumb/v7-m/nofp\libc_nano.a(libc_a-findfp.o) (_fwalk_sglue)
C:/ST/STM32CubeIDE_1.18.0/STM32CubeIDE/plugins/com.st.stm32cube.ide.mcu.externaltools.gnu-tools-for-stm32.13.3.rel1.win32_1.0.0.202411081344/tools/bin/../lib/gcc/arm-none-eabi/13.3.1/../../../../arm-none-eabi/lib/thumb/v7-m/nofp\libc_nano.a(libc_a-stdio.o)
                              C:/ST/STM32CubeIDE_1.18.0/STM32CubeIDE/plugins/com.st.stm32cube.ide.mcu.externaltools.gnu-tools-for-stm32.13.3.rel1.win32_1.0.0.202411081344/tools/bin/../lib/gcc/arm-none-eabi/13.3.1/../../../../arm-none-eabi/lib/thumb/v7-m/nofp\libc_nano.a(libc_a-findfp.o) (__sread)
C:/ST/STM32CubeIDE_1.18.0/STM32CubeIDE/plugins/com.st.stm32cube.ide.mcu.externaltools.gnu-tools-for-stm32.13.3.rel1.win32_1.0.0.202411081344/tools/bin/../lib/gcc/arm-none-eabi/13.3.1/../../../../arm-none-eabi/lib/thumb/v7-m/nofp\libc_nano.a(libc_a-memset.o)
                              C:/ST/STM32CubeIDE_1.18.0/STM32CubeIDE/plugins/com.st.stm32cube.ide.mcu.externaltools.gnu-tools-for-stm32.13.3.rel1.win32_1.0.0.202411081344/tools/bin/../lib/gcc/arm-none-eabi/13.3.1/../../../../arm-none-eabi/lib/thumb/v7-m/nofp/crt0.o (memset)
C:/ST/STM32CubeIDE_1.18.0/STM32CubeIDE/plugins/com.st.stm32cube.ide.mcu.externaltools.gnu-tools-for-stm32.13.3.rel1.win32_1.0.0.202411081344/tools/bin/../lib/gcc/arm-none-eabi/13.3.1/../../../../arm-none-eabi/lib/thumb/v7-m/nofp\libc_nano.a(libc_a-closer.o)
                              C:/ST/STM32CubeIDE_1.18.0/STM32CubeIDE/plugins/com.st.stm32cube.ide.mcu.externaltools.gnu-tools-for-stm32.13.3.rel1.win32_1.0.0.202411081344/tools/bin/../lib/gcc/arm-none-eabi/13.3.1/../../../../arm-none-eabi/lib/thumb/v7-m/nofp\libc_nano.a(libc_a-stdio.o) (_close_r)
C:/ST/STM32CubeIDE_1.18.0/STM32CubeIDE/plugins/com.st.stm32cube.ide.mcu.externaltools.gnu-tools-for-stm32.13.3.rel1.win32_1.0.0.202411081344/tools/bin/../lib/gcc/arm-none-eabi/13.3.1/../../../../arm-none-eabi/lib/thumb/v7-m/nofp\libc_nano.a(libc_a-reent.o)
                              C:/ST/STM32CubeIDE_1.18.0/STM32CubeIDE/plugins/com.st.stm32cube.ide.mcu.externaltools.gnu-tools-for-stm32.13.3.rel1.win32_1.0.0.202411081344/tools/bin/../lib/gcc/arm-none-eabi/13.3.1/../../../../arm-none-eabi/lib/thumb/v7-m/nofp\libc_nano.a(libc_a-closer.o) (errno)
C:/ST/STM32CubeIDE_1.18.0/STM32CubeIDE/plugins/com.st.stm32cube.ide.mcu.externaltools.gnu-tools-for-stm32.13.3.rel1.win32_1.0.0.202411081344/tools/bin/../lib/gcc/arm-none-eabi/13.3.1/../../../../arm-none-eabi/lib/thumb/v7-m/nofp\libc_nano.a(libc_a-impure.o)
                              C:/ST/STM32CubeIDE_1.18.0/STM32CubeIDE/plugins/com.st.stm32cube.ide.mcu.externaltools.gnu-tools-for-stm32.13.3.rel1.win32_1.0.0.202411081344/tools/bin/../lib/gcc/arm-none-eabi/13.3.1/../../../../arm-none-eabi/lib/thumb/v7-m/nofp\libc_nano.a(libc_a-reent.o) (_impure_ptr)
C:/ST/STM32CubeIDE_1.18.0/STM32CubeIDE/plugins/com.st.stm32cube.ide.mcu.externaltools.gnu-tools-for-stm32.13.3.rel1.win32_1.0.0.202411081344/tools/bin/../lib/gcc/arm-none-eabi/13.3.1/../../../../arm-none-eabi/lib/thumb/v7-m/nofp\libc_nano.a(libc_a-lseekr.o)
[...]
Memory Configuration

Name             Origin             Length             Attributes
RAM              0x20000000         0x00010000         xrw
FLASH            0x08000000         0x00080000         xr
*default*        0x00000000         0xffffffff

Linker script and memory map

LOAD C:/ST/STM32CubeIDE_1.18.0/STM32CubeIDE/plugins/com.st.stm32cube.ide.mcu.externaltools.gnu-tools-for-stm32.13.3.rel1.win32_1.0.0.202411081344/tools/bin/../lib/gcc/arm-none-eabi/13.3.1/thumb/v7-m/nofp/crti.o
LOAD C:/ST/STM32CubeIDE_1.18.0/STM32CubeIDE/plugins/com.st.stm32cube.ide.mcu.externaltools.gnu-tools-for-stm32.13.3.rel1.win32_1.0.0.202411081344/tools/bin/../lib/gcc/arm-none-eabi/13.3.1/thumb/v7-m/nofp/crtbegin.o
LOAD C:/ST/STM32CubeIDE_1.18.0/STM32CubeIDE/plugins/com.st.stm32cube.ide.mcu.externaltools.gnu-tools-for-stm32.13.3.rel1.win32_1.0.0.202411081344/tools/bin/../lib/gcc/arm-none-eabi/13.3.1/../../../../arm-none-eabi/lib/thumb/v7-m/nofp/crt0.o
LOAD ./Apps/Src/adc.o
LOAD ./Apps/Src/buzzer.o
LOAD ./Apps/Src/data_logger.o
LOAD ./Apps/Src/eeprom.o
LOAD ./Apps/Src/error.o
LOAD ./Apps/Src/fw_info.o
LOAD ./Apps/Src/key.o
LOAD ./Apps/Src/lcd.o
LOAD ./Apps/Src/led.o
LOAD ./Apps/Src/main_system.o
LOAD ./Apps/Src/system_job.o
LOAD ./Apps/Src/unit_conversion.o
LOAD ./Apps/States/Src/init_state.o
LOAD ./Apps/States/Src/pass_input_state.o
LOAD ./Apps/States/Src/standby_state.o
LOAD ./Apps/States/Src/state_machine.o
LOAD ./Core/Src/main.o
LOAD ./Core/Src/stm32f1xx_hal_msp.o
LOAD ./Core/Src/stm32f1xx_it.o
LOAD ./Core/Src/syscalls.o
LOAD ./Core/Src/sysmem.o
LOAD ./Core/Src/system_stm32f1xx.o
LOAD ./Core/Startup/startup_stm32f103retx.o
LOAD ./Drivers/STM32F1xx_HAL_Driver/Src/stm32f1xx_hal.o
LOAD ./Drivers/STM32F1xx_HAL_Driver/Src/stm32f1xx_hal_cortex.o
LOAD ./Drivers/STM32F1xx_HAL_Driver/Src/stm32f1xx_hal_dma.o
LOAD ./Drivers/STM32F1xx_HAL_Driver/Src/stm32f1xx_hal_exti.o
LOAD ./Drivers/STM32F1xx_HAL_Driver/Src/stm32f1xx_hal_flash.o
LOAD ./Drivers/STM32F1xx_HAL_Driver/Src/stm32f1xx_hal_flash_ex.o
LOAD ./Drivers/STM32F1xx_HAL_Driver/Src/stm32f1xx_hal_gpio.o
LOAD ./Drivers/STM32F1xx_HAL_Driver/Src/stm32f1xx_hal_gpio_ex.o
LOAD ./Drivers/STM32F1xx_HAL_Driver/Src/stm32f1xx_hal_pwr.o
LOAD ./Drivers/STM32F1xx_HAL_Driver/Src/stm32f1xx_hal_rcc.o
LOAD ./Drivers/STM32F1xx_HAL_Driver/Src/stm32f1xx_hal_rcc_ex.o
START GROUP
LOAD C:/ST/STM32CubeIDE_1.18.0/STM32CubeIDE/plugins/com.st.stm32cube.ide.mcu.externaltools.gnu-tools-for-stm32.13.3.rel1.win32_1.0.0.202411081344/tools/bin/../lib/gcc/arm-none-eabi/13.3.1/../../../../arm-none-eabi/lib/thumb/v7-m/nofp\libc_nano.a
LOAD C:/ST/STM32CubeIDE_1.18.0/STM32CubeIDE/plugins/com.st.stm32cube.ide.mcu.externaltools.gnu-tools-for-stm32.13.3.rel1.win32_1.0.0.202411081344/tools/bin/../lib/gcc/arm-none-eabi/13.3.1/../../../../arm-none-eabi/lib/thumb/v7-m/nofp\libm.a
END GROUP
START GROUP
LOAD C:/ST/STM32CubeIDE_1.18.0/STM32CubeIDE/plugins/com.st.stm32cube.ide.mcu.externaltools.gnu-tools-for-stm32.13.3.rel1.win32_1.0.0.202411081344/tools/bin/../lib/gcc/arm-none-eabi/13.3.1/thumb/v7-m/nofp\libgcc.a
LOAD C:/ST/STM32CubeIDE_1.18.0/STM32CubeIDE/plugins/com.st.stm32cube.ide.mcu.externaltools.gnu-tools-for-stm32.13.3.rel1.win32_1.0.0.202411081344/tools/bin/../lib/gcc/arm-none-eabi/13.3.1/../../../../arm-none-eabi/lib/thumb/v7-m/nofp\libc_nano.a
END GROUP
START GROUP
LOAD C:/ST/STM32CubeIDE_1.18.0/STM32CubeIDE/plugins/com.st.stm32cube.ide.mcu.externaltools.gnu-tools-for-stm32.13.3.rel1.win32_1.0.0.202411081344/tools/bin/../lib/gcc/arm-none-eabi/13.3.1/thumb/v7-m/nofp\libgcc.a
LOAD C:/ST/STM32CubeIDE_1.18.0/STM32CubeIDE/plugins/com.st.stm32cube.ide.mcu.externaltools.gnu-tools-for-stm32.13.3.rel1.win32_1.0.0.202411081344/tools/bin/../lib/gcc/arm-none-eabi/13.3.1/../../../../arm-none-eabi/lib/thumb/v7-m/nofp\libc_nano.a
LOAD C:/ST/STM32CubeIDE_1.18.0/STM32CubeIDE/plugins/com.st.stm32cube.ide.mcu.externaltools.gnu-tools-for-stm32.13.3.rel1.win32_1.0.0.202411081344/tools/bin/../lib/gcc/arm-none-eabi/13.3.1/../../../../arm-none-eabi/lib/thumb/v7-m/nofp\libnosys.a
END GROUP
START GROUP
LOAD C:/ST/STM32CubeIDE_1.18.0/STM32CubeIDE/plugins/com.st.stm32cube.ide.mcu.externaltools.gnu-tools-for-stm32.13.3.rel1.win32_1.0.0.202411081344/tools/bin/../lib/gcc/arm-none-eabi/13.3.1/thumb/v7-m/nofp\libgcc.a
LOAD C:/ST/STM32CubeIDE_1.18.0/STM32CubeIDE/plugins/com.st.stm32cube.ide.mcu.externaltools.gnu-tools-for-stm32.13.3.rel1.win32_1.0.0.202411081344/tools/bin/../lib/gcc/arm-none-eabi/13.3.1/../../../../arm-none-eabi/lib/thumb/v7-m/nofp\libc_nano.a
LOAD C:/ST/STM32CubeIDE_1.18.0/STM32CubeIDE/plugins/com.st.stm32cube.ide.mcu.externaltools.gnu-tools-for-stm32.13.3.rel1.win32_1.0.0.202411081344/tools/bin/../lib/gcc/arm-none-eabi/13.3.1/../../../../arm-none-eabi/lib/thumb/v7-m/nofp\libnosys.a
END GROUP
LOAD C:/ST/STM32CubeIDE_1.18.0/STM32CubeIDE/plugins/com.st.stm32cube.ide.mcu.externaltools.gnu-tools-for-stm32.13.3.rel1.win32_1.0.0.202411081344/tools/bin/../lib/gcc/arm-none-eabi/13.3.1/thumb/v7-m/nofp/crtend.o
LOAD C:/ST/STM32CubeIDE_1.18.0/STM32CubeIDE/plugins/com.st.stm32cube.ide.mcu.externaltools.gnu-tools-for-stm32.13.3.rel1.win32_1.0.0.202411081344/tools/bin/../lib/gcc/arm-none-eabi/13.3.1/thumb/v7-m/nofp/crtn.o
                0x20010000                        _estack = (ORIGIN (RAM) + LENGTH (RAM))
                0x00000200                        _Min_Heap_Size = 0x200
                0x00000400                        _Min_Stack_Size = 0x400

.isr_vector     0x08000000      0x1e4
                0x08000000                        . = ALIGN (0x4)
 *(.isr_vector)
 .isr_vector    0x08000000      0x1e4 ./Core/Startup/startup_stm32f103retx.o
                0x08000000                g_pfnVectors
                0x080001e4                        . = ALIGN (0x4)

.text           0x080001e4     0x10b4
                0x080001e4                        . = ALIGN (0x4)
 *(.text)
 .text          0x080001e4       0x40 C:/ST/STM32CubeIDE_1.18.0/STM32CubeIDE/plugins/com.st.stm32cube.ide.mcu.externaltools.gnu-tools-for-stm32.13.3.rel1.win32_1.0.0.202411081344/tools/bin/../lib/gcc/arm-none-eabi/13.3.1/thumb/v7-m/nofp/crtbegin.o
 *(.text*)
 .text.ADC_Get_VFB_GATE
                0x08000224       0x18 ./Apps/Src/adc.o
                0x08000224                ADC_Get_VFB_GATE
 .text.ADC_Get_VFB_ACCU
                0x0800023c       0x18 ./Apps/Src/adc.o
                0x0800023c                ADC_Get_VFB_ACCU
 .text.ADC_Get_VFB_ANODE
                0x08000254       0x18 ./Apps/Src/adc.o
                0x08000254                ADC_Get_VFB_ANODE
 .text.ADC_Get_IFB_ACCU
                0x0800026c       0x18 ./Apps/Src/adc.o
                0x0800026c                ADC_Get_IFB_ACCU
 .text.ADC_Get_IFB_BUCK
                0x08000284       0x18 ./Apps/Src/adc.o
                0x08000284                ADC_Get_IFB_BUCK
 .text.BUZZER_Set
                0x0800029c       0x14 ./Apps/Src/buzzer.o
                0x0800029c                BUZZER_Set
 .text.BUZZER_Update
                0x080002b0       0x44 ./Apps/Src/buzzer.o
                0x080002b0                BUZZER_Update
 .text.Check_Error
                0x080002f4      0x174 ./Apps/Src/error.o
                0x080002f4                Check_Error
 .text.LCD_Update
                0x08000468        0xc ./Apps/Src/lcd.o
                0x08000468                LCD_Update
 .text.LED_Update
                0x08000474       0x3c ./Apps/Src/led.o
                0x08000474                LED_Update
 .text.MainStateMachine_Loop
                0x080004b0       0x62 ./Apps/Src/main_system.o
                0x080004b0                MainStateMachine_Loop
 .text.System_Job
                0x08000512       0x14 ./Apps/Src/system_job.o
                0x08000512                System_Job
 .text.InitState_Loop
                0x08000526        0xe ./Apps/States/Src/init_state.o
                0x08000526                InitState_Loop
 .text.PassInputState_Init
                0x08000534       0x30 ./Apps/States/Src/pass_input_state.o
                0x08000534                PassInputState_Init
 .text.PassInputState_PassCheck
                0x08000564        0xe ./Apps/States/Src/pass_input_state.o
                0x08000564                PassInputState_PassCheck
 *fill*         0x08000572        0x2 
 .text.PassInputState_Loop
                0x08000574       0x74 ./Apps/States/Src/pass_input_state.o
                0x08000574                PassInputState_Loop
 .text.SetMainState
                0x080005e8       0x20 ./Apps/States/Src/state_machine.o
                0x080005e8                SetMainState
 .text.GetMainState
                0x08000608       0x14 ./Apps/States/Src/state_machine.o
                0x08000608                GetMainState
 .text.SetSubState
                0x0800061c       0x20 ./Apps/States/Src/state_machine.o
                0x0800061c                SetSubState
 .text.GetSubState
                0x0800063c       0x14 ./Apps/States/Src/state_machine.o
                0x0800063c                GetSubState
 .text.main     0x08000650       0x1a ./Core/Src/main.o
                0x08000650                main
 .text.SystemClock_Config
                0x0800066a       0x76 ./Core/Src/main.o
                0x0800066a                SystemClock_Config
 .text.Error_Handler
                0x080006e0        0xc ./Core/Src/main.o
                0x080006e0                Error_Handler
 .text.HAL_MspInit
                0x080006ec       0x44 ./Core/Src/stm32f1xx_hal_msp.o
                0x080006ec                HAL_MspInit
 .text.NMI_Handler
                0x08000730        0x8 ./Core/Src/stm32f1xx_it.o
                0x08000730                NMI_Handler
 .text.HardFault_Handler
                0x08000738        0x8 ./Core/Src/stm32f1xx_it.o
                0x08000738                HardFault_Handler
 .text.MemManage_Handler
                0x08000740        0x8 ./Core/Src/stm32f1xx_it.o
                0x08000740                MemManage_Handler
 .text.BusFault_Handler
                0x08000748        0x8 ./Core/Src/stm32f1xx_it.o
                0x08000748                BusFault_Handler
 .text.UsageFault_Handler
                0x08000750        0x8 ./Core/Src/stm32f1xx_it.o
                0x08000750                UsageFault_Handler
 .text.SVC_Handler
                0x08000758        0xc ./Core/Src/stm32f1xx_it.o
                0x08000758                SVC_Handler
 .text.DebugMon_Handler
                0x08000764        0xc ./Core/Src/stm32f1xx_it.o
                0x08000764                DebugMon_Handler
 .text.PendSV_Handler
                0x08000770        0xc ./Core/Src/stm32f1xx_it.o
                0x08000770                PendSV_Handler
 .text.SysTick_Handler
                0x0800077c        0xc ./Core/Src/stm32f1xx_it.o
                0x0800077c                SysTick_Handler
 .text.SystemInit
                0x08000788        0xc ./Core/Src/system_stm32f1xx.o
                0x08000788                SystemInit
 .text.Reset_Handler
                0x08000794       0x48 ./Core/Startup/startup_stm32f103retx.o
                0x08000794                Reset_Handler
 .text.Default_Handler
                0x080007dc        0x2 ./Core/Startup/startup_stm32f103retx.o
                0x080007dc                RTC_Alarm_IRQHandler
                0x080007dc                EXTI2_IRQHandler
                0x080007dc                TIM8_TRG_COM_IRQHandler
                0x080007dc                TIM8_CC_IRQHandler
                0x080007dc                TIM1_CC_IRQHandler
                0x080007dc                TIM6_IRQHandler
                0x080007dc                PVD_IRQHandler
                0x080007dc                SDIO_IRQHandler
                0x080007dc                EXTI3_IRQHandler
                0x080007dc                EXTI0_IRQHandler
                0x080007dc                I2C2_EV_IRQHandler
                0x080007dc                ADC1_2_IRQHandler
                0x080007dc                SPI1_IRQHandler
                0x080007dc                TAMPER_IRQHandler
                0x080007dc                TIM8_UP_IRQHandler
                0x080007dc                DMA2_Channel2_IRQHandler
                0x080007dc                DMA1_Channel4_IRQHandler
                0x080007dc                USART3_IRQHandler
                0x080007dc                RTC_IRQHandler
                0x080007dc                DMA1_Channel7_IRQHandler
                0x080007dc                CAN1_RX1_IRQHandler
                0x080007dc                UART5_IRQHandler
                0x080007dc                ADC3_IRQHandler
                0x080007dc                TIM4_IRQHandler
                0x080007dc                DMA2_Channel1_IRQHandler
                0x080007dc                I2C1_EV_IRQHandler
                0x080007dc                DMA1_Channel6_IRQHandler
                0x080007dc                UART4_IRQHandler
                0x080007dc                TIM3_IRQHandler
                0x080007dc                RCC_IRQHandler
                0x080007dc                TIM1_TRG_COM_IRQHandler
                0x080007dc                DMA1_Channel1_IRQHandler
                0x080007dc                Default_Handler
                0x080007dc                EXTI15_10_IRQHandler
                0x080007dc                TIM7_IRQHandler
                0x080007dc                TIM5_IRQHandler
                0x080007dc                EXTI9_5_IRQHandler
                0x080007dc                SPI2_IRQHandler
                0x080007dc                DMA1_Channel5_IRQHandler
                0x080007dc                EXTI4_IRQHandler
                0x080007dc                USB_LP_CAN1_RX0_IRQHandler
                0x080007dc                USB_HP_CAN1_TX_IRQHandler
                0x080007dc                DMA1_Channel3_IRQHandler
                0x080007dc                FSMC_IRQHandler
                0x080007dc                TIM1_UP_IRQHandler
                0x080007dc                WWDG_IRQHandler
                0x080007dc                TIM2_IRQHandler
                0x080007dc                TIM1_BRK_IRQHandler
                0x080007dc                EXTI1_IRQHandler
                0x080007dc                DMA2_Channel4_5_IRQHandler
                0x080007dc                USART2_IRQHandler
                0x080007dc                I2C2_ER_IRQHandler
                0x080007dc                DMA1_Channel2_IRQHandler
                0x080007dc                TIM8_BRK_IRQHandler
                0x080007dc                CAN1_SCE_IRQHandler
                0x080007dc                FLASH_IRQHandler
                0x080007dc                USART1_IRQHandler
                0x080007dc                SPI3_IRQHandler
                0x080007dc                I2C1_ER_IRQHandler
                0x080007dc                USBWakeUp_IRQHandler
                0x080007dc                DMA2_Channel3_IRQHandler
 *fill*         0x080007de        0x2 
 .text.HAL_Init
                0x080007e0       0x2c ./Drivers/STM32F1xx_HAL_Driver/Src/stm32f1xx_hal.o
                0x080007e0                HAL_Init
 .text.HAL_InitTick
                0x0800080c       0x60 ./Drivers/STM32F1xx_HAL_Driver/Src/stm32f1xx_hal.o
                0x0800080c                HAL_InitTick
 .text.HAL_IncTick
                0x0800086c       0x24 ./Drivers/STM32F1xx_HAL_Driver/Src/stm32f1xx_hal.o
                0x0800086c                HAL_IncTick
 .text.HAL_GetTick
                0x08000890       0x14 ./Drivers/STM32F1xx_HAL_Driver/Src/stm32f1xx_hal.o
                0x08000890                HAL_GetTick
 .text.__NVIC_SetPriorityGrouping
                0x080008a4       0x48 ./Drivers/STM32F1xx_HAL_Driver/Src/stm32f1xx_hal_cortex.o
 .text.__NVIC_GetPriorityGrouping
                0x080008ec       0x1c ./Drivers/STM32F1xx_HAL_Driver/Src/stm32f1xx_hal_cortex.o
 .text.__NVIC_SetPriority
                0x08000908       0x54 ./Drivers/STM32F1xx_HAL_Driver/Src/stm32f1xx_hal_cortex.o
 .text.NVIC_EncodePriority
                0x0800095c       0x64 ./Drivers/STM32F1xx_HAL_Driver/Src/stm32f1xx_hal_cortex.o
 .text.SysTick_Config
                0x080009c0       0x44 ./Drivers/STM32F1xx_HAL_Driver/Src/stm32f1xx_hal_cortex.o
 .text.HAL_NVIC_SetPriorityGrouping
                0x08000a04       0x16 ./Drivers/STM32F1xx_HAL_Driver/Src/stm32f1xx_hal_cortex.o
                0x08000a04                HAL_NVIC_SetPriorityGrouping
 .text.HAL_NVIC_SetPriority
                0x08000a1a       0x38 ./Drivers/STM32F1xx_HAL_Driver/Src/stm32f1xx_hal_cortex.o
                0x08000a1a                HAL_NVIC_SetPriority
 .text.HAL_SYSTICK_Config
                0x08000a52       0x18 ./Drivers/STM32F1xx_HAL_Driver/Src/stm32f1xx_hal_cortex.o
                0x08000a52                HAL_SYSTICK_Config
 *fill*         0x08000a6a        0x2 
 .text.HAL_RCC_OscConfig
                0x08000a6c      0x504 ./Drivers/STM32F1xx_HAL_Driver/Src/stm32f1xx_hal_rcc.o
                0x08000a6c                HAL_RCC_OscConfig
 .text.HAL_RCC_ClockConfig
                0x08000f70      0x1d4 ./Drivers/STM32F1xx_HAL_Driver/Src/stm32f1xx_hal_rcc.o
                0x08000f70                HAL_RCC_ClockConfig
 .text.HAL_RCC_GetSysClockFreq
                0x08001144       0xa8 ./Drivers/STM32F1xx_HAL_Driver/Src/stm32f1xx_hal_rcc.o
                0x08001144                HAL_RCC_GetSysClockFreq
 .text.RCC_Delay
                0x080011ec       0x3c ./Drivers/STM32F1xx_HAL_Driver/Src/stm32f1xx_hal_rcc.o
 .text.memset   0x08001228       0x10 C:/ST/STM32CubeIDE_1.18.0/STM32CubeIDE/plugins/com.st.stm32cube.ide.mcu.externaltools.gnu-tools-for-stm32.13.3.rel1.win32_1.0.0.202411081344/tools/bin/../lib/gcc/arm-none-eabi/13.3.1/../../../../arm-none-eabi/lib/thumb/v7-m/nofp\libc_nano.a(libc_a-memset.o)
                0x08001228                memset
 .text.__libc_init_array
                0x08001238       0x48 C:/ST/STM32CubeIDE_1.18.0/STM32CubeIDE/plugins/com.st.stm32cube.ide.mcu.externaltools.gnu-tools-for-stm32.13.3.rel1.win32_1.0.0.202411081344/tools/bin/../lib/gcc/arm-none-eabi/13.3.1/../../../../arm-none-eabi/lib/thumb/v7-m/nofp\libc_nano.a(libc_a-init.o)
                0x08001238                __libc_init_array
 *(.glue_7)
 .glue_7        0x08001280        0x0 linker stubs
 *(.glue_7t)
 .glue_7t       0x08001280        0x0 linker stubs
 *(.eh_frame)
 .eh_frame      0x08001280        0x0 C:/ST/STM32CubeIDE_1.18.0/STM32CubeIDE/plugins/com.st.stm32cube.ide.mcu.externaltools.gnu-tools-for-stm32.13.3.rel1.win32_1.0.0.202411081344/tools/bin/../lib/gcc/arm-none-eabi/13.3.1/thumb/v7-m/nofp/crtbegin.o
 *(.init)
 .init          0x08001280        0x4 C:/ST/STM32CubeIDE_1.18.0/STM32CubeIDE/plugins/com.st.stm32cube.ide.mcu.externaltools.gnu-tools-for-stm32.13.3.rel1.win32_1.0.0.202411081344/tools/bin/../lib/gcc/arm-none-eabi/13.3.1/thumb/v7-m/nofp/crti.o
                0x08001280                _init
 .init          0x08001284        0x8 C:/ST/STM32CubeIDE_1.18.0/STM32CubeIDE/plugins/com.st.stm32cube.ide.mcu.externaltools.gnu-tools-for-stm32.13.3.rel1.win32_1.0.0.202411081344/tools/bin/../lib/gcc/arm-none-eabi/13.3.1/thumb/v7-m/nofp/crtn.o
 *(.fini)
 .fini          0x0800128c        0x4 C:/ST/STM32CubeIDE_1.18.0/STM32CubeIDE/plugins/com.st.stm32cube.ide.mcu.externaltools.gnu-tools-for-stm32.13.3.rel1.win32_1.0.0.202411081344/tools/bin/../lib/gcc/arm-none-eabi/13.3.1/thumb/v7-m/nofp/crti.o
                0x0800128c                _fini
 .fini          0x08001290        0x8 C:/ST/STM32CubeIDE_1.18.0/STM32CubeIDE/plugins/com.st.stm32cube.ide.mcu.externaltools.gnu-tools-for-stm32.13.3.rel1.win32_1.0.0.202411081344/tools/bin/../lib/gcc/arm-none-eabi/13.3.1/thumb/v7-m/nofp/crtn.o
                0x08001298                        . = ALIGN (0x4)
                0x08001298                        _etext = .

.vfp11_veneer   0x08001298        0x0
 .vfp11_veneer  0x08001298        0x0 linker stubs

.v4_bx          0x08001298        0x0
 .v4_bx         0x08001298        0x0 linker stubs

.iplt           0x08001298        0x0
 .iplt          0x08001298        0x0 C:/ST/STM32CubeIDE_1.18.0/STM32CubeIDE/plugins/com.st.stm32cube.ide.mcu.externaltools.gnu-tools-for-stm32.13.3.rel1.win32_1.0.0.202411081344/tools/bin/../lib/gcc/arm-none-eabi/13.3.1/thumb/v7-m/nofp/crtbegin.o

.rodata         0x08001298       0x24
                0x08001298                        . = ALIGN (0x4)
 *(.rodata)
 *(.rodata*)
 .rodata.AHBPrescTable
                0x08001298       0x10 ./Core/Src/system_stm32f1xx.o
                0x08001298                AHBPrescTable
 .rodata.aPLLMULFactorTable.1
                0x080012a8       0x10 ./Drivers/STM32F1xx_HAL_Driver/Src/stm32f1xx_hal_rcc.o
 .rodata.aPredivFactorTable.0
                0x080012b8        0x2 ./Drivers/STM32F1xx_HAL_Driver/Src/stm32f1xx_hal_rcc.o
                0x080012bc                        . = ALIGN (0x4)
 *fill*         0x080012ba        0x2 

.ARM.extab      0x080012bc        0x0
                0x080012bc                        . = ALIGN (0x4)
 *(.ARM.extab* .gnu.linkonce.armextab.*)
                0x080012bc                        . = ALIGN (0x4)

.ARM            0x080012bc        0x0
                0x080012bc                        . = ALIGN (0x4)
                0x080012bc                        __exidx_start = .
 *(.ARM.exidx*)
                0x080012bc                        __exidx_end = .
                0x080012bc                        . = ALIGN (0x4)

.preinit_array  0x080012bc        0x0
                0x080012bc                        . = ALIGN (0x4)
                0x080012bc                        PROVIDE (__preinit_array_start = .)
 *(.preinit_array*)
                0x080012bc                        PROVIDE (__preinit_array_end = .)
                0x080012bc                        . = ALIGN (0x4)

.init_array     0x080012bc        0x4
                0x080012bc                        . = ALIGN (0x4)
                0x080012bc                        PROVIDE (__init_array_start = .)
 *(SORT_BY_NAME(.init_array.*))
 *(.init_array*)
 .init_array    0x080012bc        0x4 C:/ST/STM32CubeIDE_1.18.0/STM32CubeIDE/plugins/com.st.stm32cube.ide.mcu.externaltools.gnu-tools-for-stm32.13.3.rel1.win32_1.0.0.202411081344/tools/bin/../lib/gcc/arm-none-eabi/13.3.1/thumb/v7-m/nofp/crtbegin.o
                0x080012c0                        PROVIDE (__init_array_end = .)
                0x080012c0                        . = ALIGN (0x4)

.fini_array     0x080012c0        0x4
                0x080012c0                        . = ALIGN (0x4)
                [!provide]                        PROVIDE (__fini_array_start = .)
 *(SORT_BY_NAME(.fini_array.*))
 *(.fini_array*)
 .fini_array    0x080012c0        0x4 C:/ST/STM32CubeIDE_1.18.0/STM32CubeIDE/plugins/com.st.stm32cube.ide.mcu.externaltools.gnu-tools-for-stm32.13.3.rel1.win32_1.0.0.202411081344/tools/bin/../lib/gcc/arm-none-eabi/13.3.1/thumb/v7-m/nofp/crtbegin.o
                [!provide]                        PROVIDE (__fini_array_end = .)
                0x080012c4                        . = ALIGN (0x4)
                0x080012c4                        _sidata = LOADADDR (.data)

.rel.dyn        0x080012c4        0x0
 .rel.iplt      0x080012c4        0x0 C:/ST/STM32CubeIDE_1.18.0/STM32CubeIDE/plugins/com.st.stm32cube.ide.mcu.externaltools.gnu-tools-for-stm32.13.3.rel1.win32_1.0.0.202411081344/tools/bin/../lib/gcc/arm-none-eabi/13.3.1/thumb/v7-m/nofp/crtbegin.o

.data           0x20000000        0xc load address 0x080012c4
                0x20000000                        . = ALIGN (0x4)
                0x20000000                        _sdata = .
 *(.data)
 *(.data*)
 .data.SystemCoreClock
                0x20000000        0x4 ./Core/Src/system_stm32f1xx.o
                0x20000000                SystemCoreClock
 .data.uwTickPrio
                0x20000004        0x4 ./Drivers/STM32F1xx_HAL_Driver/Src/stm32f1xx_hal.o
                0x20000004                uwTickPrio
 .data.uwTickFreq
                0x20000008        0x1 ./Drivers/STM32F1xx_HAL_Driver/Src/stm32f1xx_hal.o
                0x20000008                uwTickFreq
 *(.RamFunc)
 *(.RamFunc*)
                0x2000000c                        . = ALIGN (0x4)
 *fill*         0x20000009        0x3 
                0x2000000c                        _edata = .

.igot.plt       0x2000000c        0x0 load address 0x080012d0
 .igot.plt      0x2000000c        0x0 C:/ST/STM32CubeIDE_1.18.0/STM32CubeIDE/plugins/com.st.stm32cube.ide.mcu.externaltools.gnu-tools-for-stm32.13.3.rel1.win32_1.0.0.202411081344/tools/bin/../lib/gcc/arm-none-eabi/13.3.1/thumb/v7-m/nofp/crtbegin.o
                0x2000000c                        . = ALIGN (0x4)

.bss            0x2000000c      0x30c load address 0x080012d0
                0x2000000c                        _sbss = .
                0x2000000c                        __bss_start__ = _sbss
 *(.bss)
 .bss           0x2000000c       0x1c C:/ST/STM32CubeIDE_1.18.0/STM32CubeIDE/plugins/com.st.stm32cube.ide.mcu.externaltools.gnu-tools-for-stm32.13.3.rel1.win32_1.0.0.202411081344/tools/bin/../lib/gcc/arm-none-eabi/13.3.1/thumb/v7-m/nofp/crtbegin.o
 *(.bss*)
 .bss.ad_result_vfb_anode
                0x20000028        0x2 ./Apps/Src/adc.o
                0x20000028                ad_result_vfb_anode
 .bss.ad_result_vfb_gate
                0x2000002a        0x2 ./Apps/Src/adc.o
                0x2000002a                ad_result_vfb_gate
 .bss.ad_result_vfb_accu
                0x2000002c        0x2 ./Apps/Src/adc.o
                0x2000002c                ad_result_vfb_accu
 .bss.ad_result_ifb_accu
                0x2000002e        0x2 ./Apps/Src/adc.o
                0x2000002e                ad_result_ifb_accu
 .bss.ad_result_ifb_buck
                0x20000030        0x2 ./Apps/Src/adc.o
                0x20000030                ad_result_ifb_buck
 .bss.buzzer_time_counter
                0x20000032        0x2 ./Apps/Src/buzzer.o
                0x20000032                buzzer_time_counter
 .bss.buzzer_duration
                0x20000034        0x2 ./Apps/Src/buzzer.o
                0x20000034                buzzer_duration
 .bss.buzzer_on
                0x20000036        0x1 ./Apps/Src/buzzer.o
                0x20000036                buzzer_on
 *fill*         0x20000037        0x1 
 .bss.s_led_status
                0x20000038        0x2 ./Apps/Src/led.o
 .bss.s_old_led_status
                0x2000003a        0x2 ./Apps/Src/led.o
 .bss.g_accu_system
                0x2000003c      0x240 ./Apps/Src/main_system.o
                0x2000003c                g_accu_system
 .bss.g_weray   0x2000027c       0x84 ./Apps/Src/main_system.o
                0x2000027c                g_weray
 .bss.pass_selected_digit
                0x20000300        0x1 ./Apps/States/Src/pass_input_state.o
 *fill*         0x20000301        0x3 
 .bss.pass_digit
                0x20000304        0x6 ./Apps/States/Src/pass_input_state.o
 *fill*         0x2000030a        0x2 
 .bss.g_state_machine
                0x2000030c        0x8 ./Apps/States/Src/state_machine.o
 .bss.uwTick    0x20000314        0x4 ./Drivers/STM32F1xx_HAL_Driver/Src/stm32f1xx_hal.o
                0x20000314                uwTick
 *(COMMON)
                0x20000318                        . = ALIGN (0x4)
                0x20000318                        _ebss = .
                0x20000318                        __bss_end__ = _ebss

._user_heap_stack
                0x20000318      0x600 load address 0x080012d0
                0x20000318                        . = ALIGN (0x8)
                [!provide]                        PROVIDE (end = .)
                0x20000318                        PROVIDE (_end = .)
                0x20000518                        . = (. + _Min_Heap_Size)
 *fill*         0x20000318      0x200 
                0x20000918                        . = (. + _Min_Stack_Size)
 *fill*         0x20000518      0x400 
                0x20000918                        . = ALIGN (0x8)

/DISCARD/
 libc.a(*)
 libm.a(*)
 libgcc.a(*)

.ARM.attributes
                0x00000000       0x29
 *(.ARM.attributes)
 .ARM.attributes
                0x00000000       0x1d C:/ST/STM32CubeIDE_1.18.0/STM32CubeIDE/plugins/com.st.stm32cube.ide.mcu.externaltools.gnu-tools-for-stm32.13.3.rel1.win32_1.0.0.202411081344/tools/bin/../lib/gcc/arm-none-eabi/13.3.1/thumb/v7-m/nofp/crti.o
 .ARM.attributes
                0x0000001d       0x2d C:/ST/STM32CubeIDE_1.18.0/STM32CubeIDE/plugins/com.st.stm32cube.ide.mcu.externaltools.gnu-tools-for-stm32.13.3.rel1.win32_1.0.0.202411081344/tools/bin/../lib/gcc/arm-none-eabi/13.3.1/thumb/v7-m/nofp/crtbegin.o
 .ARM.attributes
                0x0000004a       0x2d ./Apps/Src/adc.o
 .ARM.attributes
                0x00000077       0x2d ./Apps/Src/buzzer.o
 .ARM.attributes
                0x000000a4       0x2d ./Apps/Src/error.o
 .ARM.attributes
                0x000000d1       0x2d ./Apps/Src/lcd.o
 .ARM.attributes
                0x000000fe       0x2d ./Apps/Src/led.o
 .ARM.attributes
                0x0000012b       0x2d ./Apps/Src/main_system.o
 .ARM.attributes
                0x00000158       0x2d ./Apps/Src/system_job.o
 .ARM.attributes
                0x00000185       0x2d ./Apps/States/Src/init_state.o
 .ARM.attributes
                0x000001b2       0x2d ./Apps/States/Src/pass_input_state.o
 .ARM.attributes
                0x000001df       0x2d ./Apps/States/Src/state_machine.o
 .ARM.attributes
                0x0000020c       0x2d ./Core/Src/main.o
 .ARM.attributes
                0x00000239       0x2d ./Core/Src/stm32f1xx_hal_msp.o
 .ARM.attributes
                0x00000266       0x2d ./Core/Src/stm32f1xx_it.o
 .ARM.attributes
                0x00000293       0x2d ./Core/Src/system_stm32f1xx.o
 .ARM.attributes
                0x000002c0       0x21 ./Core/Startup/startup_stm32f103retx.o
 .ARM.attributes
                0x000002e1       0x2d ./Drivers/STM32F1xx_HAL_Driver/Src/stm32f1xx_hal.o
 .ARM.attributes
                0x0000030e       0x2d ./Drivers/STM32F1xx_HAL_Driver/Src/stm32f1xx_hal_cortex.o
 .ARM.attributes
                0x0000033b       0x2d ./Drivers/STM32F1xx_HAL_Driver/Src/stm32f1xx_hal_rcc.o
 .ARM.attributes
                0x00000368       0x2d C:/ST/STM32CubeIDE_1.18.0/STM32CubeIDE/plugins/com.st.stm32cube.ide.mcu.externaltools.gnu-tools-for-stm32.13.3.rel1.win32_1.0.0.202411081344/tools/bin/../lib/gcc/arm-none-eabi/13.3.1/../../../../arm-none-eabi/lib/thumb/v7-m/nofp\libc_nano.a(libc_a-memset.o)
 .ARM.attributes
                0x00000395       0x2d C:/ST/STM32CubeIDE_1.18.0/STM32CubeIDE/plugins/com.st.stm32cube.ide.mcu.externaltools.gnu-tools-for-stm32.13.3.rel1.win32_1.0.0.202411081344/tools/bin/../lib/gcc/arm-none-eabi/13.3.1/../../../../arm-none-eabi/lib/thumb/v7-m/nofp\libc_nano.a(libc_a-init.o)
 .ARM.attributes
                0x000003c2       0x1d C:/ST/STM32CubeIDE_1.18.0/STM32CubeIDE/plugins/com.st.stm32cube.ide.mcu.externaltools.gnu-tools-for-stm32.13.3.rel1.win32_1.0.0.202411081344/tools/bin/../lib/gcc/arm-none-eabi/13.3.1/thumb/v7-m/nofp/crtn.o
OUTPUT(Portable-Xray.elf elf32-littlearm)
LOAD linker stubs
LOAD C:/ST/STM32CubeIDE_1.18.0/STM32CubeIDE/plugins/com.st.stm32cube.ide.mcu.externaltools.gnu-tools-for-stm32.13.3.rel1.win32_1.0.0.202411081344/tools/bin/../lib/gcc/arm-none-eabi/13.3.1/../../../../arm-none-eabi/lib/thumb/v7-m/nofp\libc.a
LOAD C:/ST/STM32CubeIDE_1.18.0/STM32CubeIDE/plugins/com.st.stm32cube.ide.mcu.externaltools.gnu-tools-for-stm32.13.3.rel1.win32_1.0.0.202411081344/tools/bin/../lib/gcc/arm-none-eabi/13.3.1/../../../../arm-none-eabi/lib/thumb/v7-m/nofp\libm.a
LOAD C:/ST/STM32CubeIDE_1.18.0/STM32CubeIDE/plugins/com.st.stm32cube.ide.mcu.externaltools.gnu-tools-for-stm32.13.3.rel1.win32_1.0.0.202411081344/tools/bin/../lib/gcc/arm-none-eabi/13.3.1/thumb/v7-m/nofp\libgcc.a

.debug_info     0x00000000     0x5608
 .debug_info    0x00000000      0x1be ./Apps/Src/adc.o
 .debug_info    0x000001be      0x15b ./Apps/Src/buzzer.o
 .debug_info    0x00000319     0x14f1 ./Apps/Src/error.o
 .debug_info    0x0000180a       0x3d ./Apps/Src/lcd.o
 .debug_info    0x00001847      0x222 ./Apps/Src/led.o
 .debug_info    0x00001a69     0x149f ./Apps/Src/main_system.o
 .debug_info    0x00002f08       0xa6 ./Apps/Src/system_job.o
 .debug_info    0x00002fae       0xcc ./Apps/States/Src/init_state.o
 .debug_info    0x0000307a      0x21f ./Apps/States/Src/pass_input_state.o
 .debug_info    0x00003299      0x17a ./Apps/States/Src/state_machine.o
 .debug_info    0x00003413      0x2fb ./Core/Src/main.o
 .debug_info    0x0000370e      0x169 ./Core/Src/stm32f1xx_hal_msp.o
 .debug_info    0x00003877      0x113 ./Core/Src/stm32f1xx_it.o
 .debug_info    0x0000398a      0x222 ./Core/Src/system_stm32f1xx.o
 .debug_info    0x00003bac       0x30 ./Core/Startup/startup_stm32f103retx.o
 .debug_info    0x00003bdc      0x76a ./Drivers/STM32F1xx_HAL_Driver/Src/stm32f1xx_hal.o
 .debug_info    0x00004346      0xaed ./Drivers/STM32F1xx_HAL_Driver/Src/stm32f1xx_hal_cortex.o
 .debug_info    0x00004e33      0x7d5 ./Drivers/STM32F1xx_HAL_Driver/Src/stm32f1xx_hal_rcc.o

.debug_abbrev   0x00000000     0x14cb
 .debug_abbrev  0x00000000       0x74 ./Apps/Src/adc.o
 .debug_abbrev  0x00000074       0xe0 ./Apps/Src/buzzer.o
 .debug_abbrev  0x00000154      0x1e3 ./Apps/Src/error.o
 .debug_abbrev  0x00000337       0x2f ./Apps/Src/lcd.o
 .debug_abbrev  0x00000366       0xdf ./Apps/Src/led.o
 .debug_abbrev  0x00000445      0x1f9 ./Apps/Src/main_system.o
 .debug_abbrev  0x0000063e       0x57 ./Apps/Src/system_job.o
 .debug_abbrev  0x00000695       0x70 ./Apps/States/Src/init_state.o
 .debug_abbrev  0x00000705      0x104 ./Apps/States/Src/pass_input_state.o
 .debug_abbrev  0x00000809       0xeb ./Apps/States/Src/state_machine.o
 .debug_abbrev  0x000008f4      0x18f ./Core/Src/main.o
 .debug_abbrev  0x00000a83       0xc6 ./Core/Src/stm32f1xx_hal_msp.o
 .debug_abbrev  0x00000b49       0x73 ./Core/Src/stm32f1xx_it.o
 .debug_abbrev  0x00000bbc      0x13f ./Core/Src/system_stm32f1xx.o
 .debug_abbrev  0x00000cfb       0x24 ./Core/Startup/startup_stm32f103retx.o
 .debug_abbrev  0x00000d1f      0x201 ./Drivers/STM32F1xx_HAL_Driver/Src/stm32f1xx_hal.o
 .debug_abbrev  0x00000f20      0x2f8 ./Drivers/STM32F1xx_HAL_Driver/Src/stm32f1xx_hal_cortex.o
 .debug_abbrev  0x00001218      0x2b3 ./Drivers/STM32F1xx_HAL_Driver/Src/stm32f1xx_hal_rcc.o

.debug_aranges  0x00000000      0x5c0
 .debug_aranges
                0x00000000       0x58 ./Apps/Src/adc.o
 .debug_aranges
                0x00000058       0x40 ./Apps/Src/buzzer.o
 .debug_aranges
                0x00000098       0x28 ./Apps/Src/error.o
 .debug_aranges
                0x000000c0       0x20 ./Apps/Src/lcd.o
 .debug_aranges
                0x000000e0       0x90 ./Apps/Src/led.o
 .debug_aranges
                0x00000170       0x30 ./Apps/Src/main_system.o
 .debug_aranges
                0x000001a0       0x20 ./Apps/Src/system_job.o
 .debug_aranges
                0x000001c0       0x20 ./Apps/States/Src/init_state.o
 .debug_aranges
                0x000001e0       0x38 ./Apps/States/Src/pass_input_state.o
 .debug_aranges
                0x00000218       0x38 ./Apps/States/Src/state_machine.o
 .debug_aranges
                0x00000250       0x30 ./Core/Src/main.o
 .debug_aranges
                0x00000280       0x20 ./Core/Src/stm32f1xx_hal_msp.o
 .debug_aranges
                0x000002a0       0x60 ./Core/Src/stm32f1xx_it.o
 .debug_aranges
                0x00000300       0x28 ./Core/Src/system_stm32f1xx.o
 .debug_aranges
                0x00000328       0x28 ./Core/Startup/startup_stm32f103retx.o
 .debug_aranges
                0x00000350       0xe0 ./Drivers/STM32F1xx_HAL_Driver/Src/stm32f1xx_hal.o
 .debug_aranges
                0x00000430      0x100 ./Drivers/STM32F1xx_HAL_Driver/Src/stm32f1xx_hal_cortex.o
 .debug_aranges
                0x00000530       0x90 ./Drivers/STM32F1xx_HAL_Driver/Src/stm32f1xx_hal_rcc.o

.debug_rnglists
                0x00000000      0x3ff
 .debug_rnglists
                0x00000000       0x3d ./Apps/Src/adc.o
 .debug_rnglists
                0x0000003d       0x2b ./Apps/Src/buzzer.o
 .debug_rnglists
                0x00000068       0x1a ./Apps/Src/error.o
 .debug_rnglists
                0x00000082       0x13 ./Apps/Src/lcd.o
 .debug_rnglists
                0x00000095       0x67 ./Apps/Src/led.o
 .debug_rnglists
                0x000000fc       0x21 ./Apps/Src/main_system.o
 .debug_rnglists
                0x0000011d       0x13 ./Apps/Src/system_job.o
 .debug_rnglists
                0x00000130       0x13 ./Apps/States/Src/init_state.o
 .debug_rnglists
                0x00000143       0x25 ./Apps/States/Src/pass_input_state.o
 .debug_rnglists
                0x00000168       0x25 ./Apps/States/Src/state_machine.o
 .debug_rnglists
                0x0000018d       0x1f ./Core/Src/main.o
 .debug_rnglists
                0x000001ac       0x13 ./Core/Src/stm32f1xx_hal_msp.o
 .debug_rnglists
                0x000001bf       0x43 ./Core/Src/stm32f1xx_it.o
 .debug_rnglists
                0x00000202       0x1a ./Core/Src/system_stm32f1xx.o
 .debug_rnglists
                0x0000021c       0x19 ./Core/Startup/startup_stm32f103retx.o
 .debug_rnglists
                0x00000235       0xa3 ./Drivers/STM32F1xx_HAL_Driver/Src/stm32f1xx_hal.o
 .debug_rnglists
                0x000002d8       0xbb ./Drivers/STM32F1xx_HAL_Driver/Src/stm32f1xx_hal_cortex.o
 .debug_rnglists
                0x00000393       0x6c ./Drivers/STM32F1xx_HAL_Driver/Src/stm32f1xx_hal_rcc.o

.debug_macro    0x00000000    0x1806d
 .debug_macro   0x00000000       0x6d ./Apps/Src/adc.o
 .debug_macro   0x0000006d      0xacc ./Apps/Src/adc.o
 .debug_macro   0x00000b39       0x22 ./Apps/Src/adc.o
 .debug_macro   0x00000b5b       0x8e ./Apps/Src/adc.o
 .debug_macro   0x00000be9       0x51 ./Apps/Src/adc.o
 .debug_macro   0x00000c3a      0x103 ./Apps/Src/adc.o
 .debug_macro   0x00000d3d       0x6a ./Apps/Src/adc.o
 .debug_macro   0x00000da7      0x1df ./Apps/Src/adc.o
 .debug_macro   0x00000f86       0x76 ./Apps/Src/buzzer.o
 .debug_macro   0x00000ffc       0x22 ./Apps/Src/buzzer.o
 .debug_macro   0x0000101e      0x22a ./Apps/Src/error.o
 .debug_macro   0x00001248       0x3a ./Apps/Src/error.o
 .debug_macro   0x00001282      0x209 ./Apps/Src/error.o
 .debug_macro   0x0000148b       0x2e ./Apps/Src/error.o
 .debug_macro   0x000014b9       0x22 ./Apps/Src/error.o
 .debug_macro   0x000014db       0x1c ./Apps/Src/error.o
 .debug_macro   0x000014f7       0x22 ./Apps/Src/error.o
 .debug_macro   0x00001519       0xbd ./Apps/Src/error.o
 .debug_macro   0x000015d6      0xd23 ./Apps/Src/error.o
 .debug_macro   0x000022f9     0xfd8c ./Apps/Src/error.o
 .debug_macro   0x00012085       0x6d ./Apps/Src/error.o
 .debug_macro   0x000120f2     0x34a2 ./Apps/Src/error.o
 .debug_macro   0x00015594      0x190 ./Apps/Src/error.o
 .debug_macro   0x00015724       0x5c ./Apps/Src/error.o
 .debug_macro   0x00015780      0x5bc ./Apps/Src/error.o
 .debug_macro   0x00015d3c      0x4d5 ./Apps/Src/error.o
 .debug_macro   0x00016211      0x1cb ./Apps/Src/error.o
 .debug_macro   0x000163dc      0x114 ./Apps/Src/error.o
 .debug_macro   0x000164f0      0x1ea ./Apps/Src/error.o
 .debug_macro   0x000166da       0x27 ./Apps/Src/error.o
 .debug_macro   0x00016701      0x144 ./Apps/Src/error.o
 .debug_macro   0x00016845      0x1bc ./Apps/Src/error.o
 .debug_macro   0x00016a01       0x30 ./Apps/Src/error.o
 .debug_macro   0x00016a31       0x3c ./Apps/Src/error.o
 .debug_macro   0x00016a6d       0x57 ./Apps/Src/error.o
 .debug_macro   0x00016ac4       0x87 ./Apps/Src/error.o
 .debug_macro   0x00016b4b      0x24f ./Apps/Src/error.o
 .debug_macro   0x00016d9a      0x140 ./Apps/Src/error.o
 .debug_macro   0x00016eda       0xb5 ./Apps/Src/error.o
 .debug_macro   0x00016f8f       0x1b ./Apps/Src/lcd.o
 .debug_macro   0x00016faa      0x1ac ./Apps/Src/led.o
 .debug_macro   0x00017156       0x34 ./Apps/Src/led.o
 .debug_macro   0x0001718a       0xfb ./Apps/Src/main_system.o
 .debug_macro   0x00017285       0xfb ./Apps/Src/system_job.o
 .debug_macro   0x00017380       0x77 ./Apps/States/Src/init_state.o
 .debug_macro   0x000173f7       0x77 ./Apps/States/Src/pass_input_state.o
 .debug_macro   0x0001746e       0x6d ./Apps/States/Src/state_machine.o
 .debug_macro   0x000174db      0x226 ./Core/Src/main.o
 .debug_macro   0x00017701      0x18e ./Core/Src/stm32f1xx_hal_msp.o
 .debug_macro   0x0001788f      0x198 ./Core/Src/stm32f1xx_it.o
 .debug_macro   0x00017a27      0x184 ./Core/Src/system_stm32f1xx.o
 .debug_macro   0x00017bab      0x1a8 ./Drivers/STM32F1xx_HAL_Driver/Src/stm32f1xx_hal.o
 .debug_macro   0x00017d53      0x184 ./Drivers/STM32F1xx_HAL_Driver/Src/stm32f1xx_hal_cortex.o
 .debug_macro   0x00017ed7      0x196 ./Drivers/STM32F1xx_HAL_Driver/Src/stm32f1xx_hal_rcc.o

.debug_line     0x00000000     0x74e1
 .debug_line    0x00000000      0x4be ./Apps/Src/adc.o
 .debug_line    0x000004be      0x49d ./Apps/Src/buzzer.o
 .debug_line    0x0000095b      0x8ed ./Apps/Src/error.o
 .debug_line    0x00001248       0x59 ./Apps/Src/lcd.o
 .debug_line    0x000012a1      0x848 ./Apps/Src/led.o
 .debug_line    0x00001ae9      0x6a9 ./Apps/Src/main_system.o
 .debug_line    0x00002192      0x50d ./Apps/Src/system_job.o
 .debug_line    0x0000269f      0x44f ./Apps/States/Src/init_state.o
 .debug_line    0x00002aee      0x4e4 ./Apps/States/Src/pass_input_state.o
 .debug_line    0x00002fd2      0x487 ./Apps/States/Src/state_machine.o
 .debug_line    0x00003459      0x81c ./Core/Src/main.o
 .debug_line    0x00003c75      0x6b3 ./Core/Src/stm32f1xx_hal_msp.o
 .debug_line    0x00004328      0x762 ./Core/Src/stm32f1xx_it.o
 .debug_line    0x00004a8a      0x732 ./Core/Src/system_stm32f1xx.o
 .debug_line    0x000051bc       0x79 ./Core/Startup/startup_stm32f103retx.o
 .debug_line    0x00005235      0x963 ./Drivers/STM32F1xx_HAL_Driver/Src/stm32f1xx_hal.o
 .debug_line    0x00005b98      0xb2d ./Drivers/STM32F1xx_HAL_Driver/Src/stm32f1xx_hal_cortex.o
 .debug_line    0x000066c5      0xe1c ./Drivers/STM32F1xx_HAL_Driver/Src/stm32f1xx_hal_rcc.o

.debug_str      0x00000000    0x8bb2f
 .debug_str     0x00000000    0x8bb2f ./Apps/Src/adc.o
                               0x3ea7 (size before relaxing)
 .debug_str     0x0008bb2f     0x3e6b ./Apps/Src/buzzer.o
 .debug_str     0x0008bb2f    0x8aa37 ./Apps/Src/error.o
 .debug_str     0x0008bb2f     0x2e53 ./Apps/Src/lcd.o
 .debug_str     0x0008bb2f    0x89486 ./Apps/Src/led.o
 .debug_str     0x0008bb2f     0x5535 ./Apps/Src/main_system.o
 .debug_str     0x0008bb2f     0x40ed ./Apps/Src/system_job.o
 .debug_str     0x0008bb2f     0x3e2a ./Apps/States/Src/init_state.o
 .debug_str     0x0008bb2f     0x3fce ./Apps/States/Src/pass_input_state.o
 .debug_str     0x0008bb2f     0x3e9d ./Apps/States/Src/state_machine.o
 .debug_str     0x0008bb2f    0x8966d ./Core/Src/main.o
 .debug_str     0x0008bb2f    0x890fe ./Core/Src/stm32f1xx_hal_msp.o
 .debug_str     0x0008bb2f    0x89141 ./Core/Src/stm32f1xx_it.o
 .debug_str     0x0008bb2f    0x89157 ./Core/Src/system_stm32f1xx.o
 .debug_str     0x0008bb2f       0x8b ./Core/Startup/startup_stm32f103retx.o
 .debug_str     0x0008bb2f    0x8996e ./Drivers/STM32F1xx_HAL_Driver/Src/stm32f1xx_hal.o
 .debug_str     0x0008bb2f    0x898ba ./Drivers/STM32F1xx_HAL_Driver/Src/stm32f1xx_hal_cortex.o
 .debug_str     0x0008bb2f    0x89586 ./Drivers/STM32F1xx_HAL_Driver/Src/stm32f1xx_hal_rcc.o

.comment        0x00000000       0x43
 .comment       0x00000000       0x43 ./Apps/Src/adc.o
                                 0x44 (size before relaxing)
 .comment       0x00000043       0x44 ./Apps/Src/buzzer.o
 .comment       0x00000043       0x44 ./Apps/Src/error.o
 .comment       0x00000043       0x44 ./Apps/Src/lcd.o
 .comment       0x00000043       0x44 ./Apps/Src/led.o
 .comment       0x00000043       0x44 ./Apps/Src/main_system.o
 .comment       0x00000043       0x44 ./Apps/Src/system_job.o
 .comment       0x00000043       0x44 ./Apps/States/Src/init_state.o
 .comment       0x00000043       0x44 ./Apps/States/Src/pass_input_state.o
 .comment       0x00000043       0x44 ./Apps/States/Src/state_machine.o
 .comment       0x00000043       0x44 ./Core/Src/main.o
 .comment       0x00000043       0x44 ./Core/Src/stm32f1xx_hal_msp.o
 .comment       0x00000043       0x44 ./Core/Src/stm32f1xx_it.o
 .comment       0x00000043       0x44 ./Core/Src/system_stm32f1xx.o
 .comment       0x00000043       0x44 ./Drivers/STM32F1xx_HAL_Driver/Src/stm32f1xx_hal.o
 .comment       0x00000043       0x44 ./Drivers/STM32F1xx_HAL_Driver/Src/stm32f1xx_hal_cortex.o
 .comment       0x00000043       0x44 ./Drivers/STM32F1xx_HAL_Driver/Src/stm32f1xx_hal_rcc.o

.debug_frame    0x00000000     0x1214
 .debug_frame   0x00000000      0x110 ./Apps/Src/adc.o
 .debug_frame   0x00000110       0xb8 ./Apps/Src/buzzer.o
 .debug_frame   0x000001c8       0x58 ./Apps/Src/error.o
 .debug_frame   0x00000220       0x30 ./Apps/Src/lcd.o
 .debug_frame   0x00000250      0x1f8 ./Apps/Src/led.o
 .debug_frame   0x00000448       0x84 ./Apps/Src/main_system.o
 .debug_frame   0x000004cc       0x2c ./Apps/Src/system_job.o
 .debug_frame   0x000004f8       0x30 ./Apps/States/Src/init_state.o
 .debug_frame   0x00000528       0x90 ./Apps/States/Src/pass_input_state.o
 .debug_frame   0x000005b8       0xa0 ./Apps/States/Src/state_machine.o
 .debug_frame   0x00000658       0x68 ./Core/Src/main.o
 .debug_frame   0x000006c0       0x38 ./Core/Src/stm32f1xx_hal_msp.o
 .debug_frame   0x000006f8      0x104 ./Core/Src/stm32f1xx_it.o
 .debug_frame   0x000007fc       0x58 ./Core/Src/system_stm32f1xx.o
 .debug_frame   0x00000854      0x334 ./Drivers/STM32F1xx_HAL_Driver/Src/stm32f1xx_hal.o
 .debug_frame   0x00000b88      0x428 ./Drivers/STM32F1xx_HAL_Driver/Src/stm32f1xx_hal_cortex.o
 .debug_frame   0x00000fb0      0x218 ./Drivers/STM32F1xx_HAL_Driver/Src/stm32f1xx_hal_rcc.o
 .debug_frame   0x000011c8       0x20 C:/ST/STM32CubeIDE_1.18.0/STM32CubeIDE/plugins/com.st.stm32cube.ide.mcu.externaltools.gnu-tools-for-stm32.13.3.rel1.win32_1.0.0.202411081344/tools/bin/../lib/gcc/arm-none-eabi/13.3.1/../../../../arm-none-eabi/lib/thumb/v7-m/nofp\libc_nano.a(libc_a-memset.o)
 .debug_frame   0x000011e8       0x2c C:/ST/STM32CubeIDE_1.18.0/STM32CubeIDE/plugins/com.st.stm32cube.ide.mcu.externaltools.gnu-tools-for-stm32.13.3.rel1.win32_1.0.0.202411081344/tools/bin/../lib/gcc/arm-none-eabi/13.3.1/../../../../arm-none-eabi/lib/thumb/v7-m/nofp\libc_nano.a(libc_a-init.o)

.debug_line_str
                0x00000000       0x6f
 .debug_line_str
                0x00000000       0x6f ./Core/Startup/startup_stm32f103retx.o
