../Apps/Src/unit_conversion.c:15:10:CONV_float_to_adcvalue	16	static
../Apps/Src/unit_conversion.c:22:10:CONV_float_to_uint16	16	static
../Apps/Src/unit_conversion.c:29:10:CONV_float_to_uint32	16	static
../Apps/Src/unit_conversion.c:36:10:CONV_V_BUCK_LSB_to_mV	32	static
../Apps/Src/unit_conversion.c:42:10:CONV_V_BUCK_mV_to_LSB	32	static
../Apps/Src/unit_conversion.c:48:10:CONV_V_ANODE_LSB_to_10V	32	static
../Apps/Src/unit_conversion.c:54:10:CONV_V_ANODE_10V_to_LSB	32	static
../Apps/Src/unit_conversion.c:60:10:CONV_V_GATE_LSB_to_V	32	static
../Apps/Src/unit_conversion.c:66:10:CONV_V_GATE_V_to_LSB	32	static
../Apps/Src/unit_conversion.c:72:10:CONV_V_ACCU_LSB_to_V	32	static
../Apps/Src/unit_conversion.c:78:10:CONV_V_ACCU_V_to_LSB	32	static
../Apps/Src/unit_conversion.c:84:10:CONV_I_ANODE_LSB_to_mA	40	static
../Apps/Src/unit_conversion.c:92:10:CONV_I_ANODE_mA_to_LSB	40	static
../Apps/Src/unit_conversion.c:100:10:CONV_I_GATE_LSB_to_uA	32	static
../Apps/Src/unit_conversion.c:106:10:CONV_I_GATE_uA_to_LSB	24	static
../Apps/Src/unit_conversion.c:112:10:CONV_I_ACCU_LSB_to_uA	32	static
../Apps/Src/unit_conversion.c:118:10:CONV_I_ACCU_uA_to_LSB	24	static
../Apps/Src/unit_conversion.c:124:10:CONV_T_SENS_LSB_to_P1degC	32	static
../Apps/Src/unit_conversion.c:132:10:CONV_V_BATT_LSB_to_mV	32	static
../Apps/Src/unit_conversion.c:138:10:CONV_T_MCU_LSB_to_P1degC	24	static
