14:56:53 **** Incremental Build of configuration Debug for project Pet ****
make -j20 all 
arm-none-eabi-gcc "../Core/Src/main.c" -mcpu=cortex-m3 -std=gnu11 -g3 -DDEBUG -DUSE_HAL_DRIVER -DSTM32F103xB -c -I../Core/Inc -I../Drivers/STM32F1xx_HAL_Driver/Inc/Legacy -I../Drivers/STM32F1xx_HAL_Driver/Inc -I../Drivers/CMSIS/Device/ST/STM32F1xx/Include -I../Drivers/CMSIS/Include -O0 -ffunction-sections -fdata-sections -Wall -fstack-usage -fcyclomatic-complexity -MMD -MP -MF"Core/Src/main.d" -MT"Core/Src/main.o" --specs=nano.specs -mfloat-abi=soft -mthumb -o "Core/Src/main.o"
arm-none-eabi-gcc -o "Pet.elf" @"objects.list"   -mcpu=cortex-m3 -T"C:\00.Work\01.Work\03.Dev\Picopack\STM32_Workspace\Pet\STM32F103C8TX_FLASH.ld" --specs=nosys.specs -Wl,-Map="Pet.map" -Wl,--gc-sections -static --specs=nano.specs -mfloat-abi=soft -mthumb -Wl,--start-group -lc -lm -Wl,--end-group
Finished building target: Pet.elf
 
arm-none-eabi-size  Pet.elf 
arm-none-eabi-objdump -h -S Pet.elf  > "Pet.list"
   text	   data	    bss	    dec	    hex	filename
  12740	     12	   1660	  14412	   384c	Pet.elf
Finished building: default.size.stdout
 
Finished building: Pet.list
 

14:56:54 Build Finished. 0 errors, 0 warnings. (took 1s.167ms)

